// Jest Snapshot v1, https://goo.gl/fbAQLP

exports[`LiValidator has the expected html structure 1`] = `
<tr
  class="li-validator"
  data-moniker="mr_mounty"
>
  <td
    class="data-table__row__info"
  >
    <apolloquery-stub
      debounce="0"
      options="[object Object]"
      prefetch="true"
      query="[object Object]"
      tag="div"
      throttle="0"
      update="function () { [native code] }"
      variables="[object Object]"
    />
     
    <div
      class="validator-info"
    >
      <h3
        class="li-validator-name"
      >
        
        mr_mounty
      
      </h3>
       
      <!---->
    </div>
  </td>
   
  <td
    class="hide-xs"
  >
    
    13.00%
  
  </td>
   
  <td
    class="hide-xs"
  >
    
    1.40%
  
  </td>
</tr>
`;
