// Jest Snapshot v1, https://goo.gl/fbAQLP

exports[`PageFeatureNotAvailable shows a warning about a feature not being available 1`] = `
<div
  class="tm-page"
  data-title="Feature Not Available"
>
  <!---->
   
  <main
    class="tm-page-main"
  >
    <!---->
     
    <div
      class="tm-data-msg"
    >
      <div
        class="tm-data-msg__icon"
      >
        <i
          class="material-icons"
        >
          timeline
        </i>
      </div>
       
      <div
        class="tm-data-msg__text"
      >
        <h2
          class="tm-data-msg__title"
        >
          <div>
            Spacetravel not yet available
          </div>
        </h2>
         
        <h3
          class="tm-data-msg__subtitle"
        >
          <div>
            
    ¯\\_(ツ)_/¯
            <br />
            
    We are working hard to get this feature into Lunie. If you are super
    exited about using it, write us or tweet about it. We live off feedback.
  
          </div>
        </h3>
      </div>
    </div>
  </main>
   
  <footer
    class="hide-xs"
  >
    <ul>
      <li>
        <router-link-stub
          class="app-menu-item-small"
          exact="exact"
          title="About"
          to="/about"
        >
          About
        </router-link-stub>
      </li>
       
      <li>
        <router-link-stub
          class="app-menu-item-small"
          exact="exact"
          title="Careers"
          to="/careers"
        >
          Careers
        </router-link-stub>
      </li>
       
      <li>
        <router-link-stub
          class="app-menu-item-small"
          exact="exact"
          title="Security"
          to="/security"
        >
          Security
        </router-link-stub>
      </li>
       
      <li>
        <router-link-stub
          class="app-menu-item-small"
          exact="exact"
          title="Terms"
          to="/terms"
        >
          Terms of Service
        </router-link-stub>
      </li>
       
      <li>
        <router-link-stub
          class="app-menu-item-small"
          exact="exact"
          title="Privacy"
          to="/privacy"
        >
          Privacy Policy
        </router-link-stub>
      </li>
    </ul>
  </footer>
</div>
`;
