// Jest Snapshot v1, https://goo.gl/fbAQLP

exports[`TmSessionImportSuccess has the expected html structure 1`] = `
<sessionframe-stub
  hideback="true"
>
  <h2
    class="session-title"
  >
    
    Success!
  
  </h2>
   
  <div
    class="session-main"
  >
    <p>
      Your account has been created
    </p>
  </div>
   
  <div
    class="session-footer"
  >
    <tmbtn-stub
      value="Back to Lunie"
    />
  </div>
</sessionframe-stub>
`;
