// Jest Snapshot v1, https://goo.gl/fbAQLP

exports[`ChartVotes has the expected html structure 1`] = `"<div class=\\"chart-votes chart-votes-size-lg\\"></div>"`;
