// Jest Snapshot v1, https://goo.gl/fbAQLP

exports[`TransactionList renders a list of TransactionItems 1`] = `
<div>
  <div>
    <h1>
      July 19
    </h1>
     
    <transactionitem-stub
      address="cosmos1"
      showmetadata="true"
      transaction="[object Object]"
      validators="[object Object]"
    />
    <transactionitem-stub
      address="cosmos1"
      showmetadata="true"
      transaction="[object Object]"
      validators="[object Object]"
    />
  </div>
  <div>
    <h1>
      Today
    </h1>
     
    <transactionitem-stub
      address="cosmos1"
      showmetadata="true"
      transaction="[object Object]"
      validators="[object Object]"
    />
  </div>
</div>
`;
