// Jest Snapshot v1, https://goo.gl/fbAQLP

exports[`renders correctly 1`] = `
"<div id=\\"modal-unstake\\" class=\\"modal-unstake\\">
   <div class=\\"stake-header\\">
      <img src=\\"~assets/images/cosmos-logo.png\\" class=\\"icon stake-atom\\"><span class=\\"tm-modal-title\\">Unstake</span>
      <div class=\\"tm-modal-icon tm-modal-close\\">
         <i class=\\"material-icons\\">close</i>
      </div>
</div>
<div class=\\"stake-form-group tm-form-group\\">
   <!---->
   <label for=\\"to\\" class=\\"tm-form-group__label\\">To</label>
   <div class=\\"tm-form-group__field\\">
      <input class=\\"tm-field\\" id=\\"to\\" readonly=\\"readonly\\">
   </div>
</div>
<div class=\\"stake-form-group tm-form-group\\">
   <!---->
   <label for=\\"amount\\" class=\\"tm-form-group__label\\">Amount</label>
   <div class=\\"tm-form-group__field\\">
      <input type=\\"number\\" max=\\"100\\" min=\\"0\\" class=\\"tm-field\\" id=\\"amount\\">
   </div>
</div>
<div class=\\"stake-footer\\">
   <button class=\\"tm-btn\\"><span class=\\"tm-btn__container tm-btn--size-lg tm-btn--primary\\">
   <!---->
   <!---->
   <span class=\\"tm-btn__value\\">Unstake</span></span></button>
</div>
</div>"
`;
