// Jest Snapshot v1, https://goo.gl/fbAQLP

exports[`PageDelegate has the expected html structure 1`] = `
<div
  class="ni-page"
>
  <header
    class="ni-page-header"
    icon="storage"
  >
    <div
      class="ni-page-header-container"
    >
      <div
        class="ni-page-header-text"
      >
        <div
          class="ni-page-header-title"
        >
          <h2>
            Delegate
          </h2>
        </div>
        <div
          class="ni-page-header-subtitle"
        >
          <h3>
            
          </h3>
        </div>
      </div>
      <menu
        class="ni-page-header-menu"
      >
        <div>
          <div>
            <div
              class="ni-tool-bar"
            >
              <div
                class="ni-tool-bar-container"
              >
                <div
                  class="main"
                >
                  <a>
                    <i
                      class="material-icons"
                    >
                      add
                    </i>
                    <div
                      class="label"
                    >
                      Add
                    </div>
                  </a>
                </div>
                <a
                  class="back"
                >
                  <i
                    class="material-icons"
                  >
                    arrow_back
                  </i>
                  <div
                    class="label"
                  >
                    Back
                  </div>
                </a>
                <a
                  class="help"
                >
                  <i
                    class="material-icons"
                  >
                    help_outline
                  </i>
                  <div
                    class="label"
                  >
                    Help
                  </div>
                </a>
              </div>
            </div>
          </div>
        </div>
      </menu>
    </div>
  </header>
  <main
    class="ni-page-main"
  >
    <h3>
      
    </h3>
    <section
      class="ni-part"
    >
      <div
        class="ni-part-container"
      >
        <header
          class="ni-part-header"
        >
          <div
            class="ni-part-header-container"
          >
            <div
              class="ni-part-title h5"
            >
              Delegate Details
            </div>
            <menu
              class="ni-part-menu"
            />
          </div>
        </header>
        <main
          class="ni-part-main"
        >
          <div
            class="ni-li"
          >
            <div
              class="ni-li-container"
            >
              <div
                class="ni-li-thumb"
              >
                <!---->
              </div>
              <div
                class="ni-li-dl"
              >
                <div
                  class="ni-li-dt"
                >
                  Public Key
                </div>
                <div
                  class="ni-li-dd"
                >
                  pubkeyX
                </div>
              </div>
            </div>
          </div>
          <div
            class="ni-li"
          >
            <div
              class="ni-li-container"
            >
              <div
                class="ni-li-thumb"
              >
                <!---->
              </div>
              <div
                class="ni-li-dl"
              >
                <div
                  class="ni-li-dt"
                >
                  Country
                </div>
                <div
                  class="ni-li-dd"
                >
                  United States
                </div>
              </div>
            </div>
          </div>
          <div
            class="ni-li"
          >
            <div
              class="ni-li-container"
            >
              <div
                class="ni-li-thumb"
              >
                <!---->
              </div>
              <div
                class="ni-li-dl"
              >
                <div
                  class="ni-li-dt"
                >
                  Start Date
                </div>
                <div
                  class="ni-li-dd"
                >
                  n/a
                </div>
              </div>
            </div>
          </div>
        </main>
      </div>
    </section>
    <section
      class="ni-part"
    >
      <div
        class="ni-part-container"
      >
        <header
          class="ni-part-header"
        >
          <div
            class="ni-part-header-container"
          >
            <div
              class="ni-part-title h5"
            >
              Delegate Description
            </div>
            <menu
              class="ni-part-menu"
            />
          </div>
        </header>
        <main
          class="ni-part-main"
        >
          <div
            class="text-block"
          >
            <pre>
              
            </pre>
          </div>
        </main>
      </div>
    </section>
    <section
      class="ni-part"
    >
      <div
        class="ni-part-container"
      >
        <header
          class="ni-part-header"
        >
          <div
            class="ni-part-header-container"
          >
            <div
              class="ni-part-title h5"
            >
              Delegate Stake
            </div>
            <menu
              class="ni-part-menu"
            />
          </div>
        </header>
        <main
          class="ni-part-main"
        >
          <div
            class="ni-li"
          >
            <div
              class="ni-li-container"
            >
              <div
                class="ni-li-thumb"
              >
                <!---->
              </div>
              <div
                class="ni-li-dl"
              >
                <div
                  class="ni-li-dt"
                >
                  Voting Power
                </div>
                <div
                  class="ni-li-dd"
                >
                  10000 ATOM
                </div>
              </div>
            </div>
          </div>
          <div
            class="ni-li"
          >
            <div
              class="ni-li-container"
            >
              <div
                class="ni-li-thumb"
              >
                <!---->
              </div>
              <div
                class="ni-li-dl"
              >
                <div
                  class="ni-li-dt"
                >
                  Bonded Atoms
                </div>
                <div
                  class="ni-li-dd"
                >
                  5000 ATOM
                </div>
              </div>
            </div>
          </div>
          <div
            class="ni-li"
          >
            <div
              class="ni-li-container"
            >
              <div
                class="ni-li-thumb"
              >
                <!---->
              </div>
              <div
                class="ni-li-dl"
              >
                <div
                  class="ni-li-dt"
                >
                  Commission
                </div>
                <div
                  class="ni-li-dd"
                >
                  NaN%
                </div>
              </div>
            </div>
          </div>
          <div
            class="ni-li"
          >
            <div
              class="ni-li-container"
            >
              <div
                class="ni-li-thumb"
              >
                <!---->
              </div>
              <div
                class="ni-li-dl"
              >
                <div
                  class="ni-li-dt"
                >
                  Max Commission
                </div>
                <div
                  class="ni-li-dd"
                >
                  NaN%
                </div>
              </div>
            </div>
          </div>
          <div
            class="ni-li"
          >
            <div
              class="ni-li-container"
            >
              <div
                class="ni-li-thumb"
              >
                <!---->
              </div>
              <div
                class="ni-li-dl"
              >
                <div
                  class="ni-li-dt"
                >
                  Max Commission Increase
                </div>
                <div
                  class="ni-li-dd"
                >
                  NaN%
                </div>
              </div>
            </div>
          </div>
        </main>
      </div>
    </section>
    <!---->
  </main>
</div>
`;
