// Jest Snapshot v1, https://goo.gl/fbAQLP

exports[`PageDelegateIndex has the expected html structure 1`] = `
<div
  class="ni-page"
>
  <header
    class="ni-page-header"
    icon="storage"
  >
    <div
      class="ni-page-header-container"
    >
      <div
        class="ni-page-header-text"
      >
        <div
          class="ni-page-header-title"
        >
          <h2>
            Validator - undefined
          </h2>
        </div>
        <div
          class="ni-page-header-subtitle"
        >
          <h3>
            
          </h3>
        </div>
      </div>
      <menu
        class="ni-page-header-menu"
      >
        <div>
          <div>
            <div
              class="ni-tool-bar"
            >
              <div
                class="ni-tool-bar-container"
              >
                <div
                  class="main"
                >
                  <a
                    class="router-link-active"
                    href="#/delegates"
                  >
                    <i
                      class="material-icons"
                    >
                      arrow_back
                    </i>
                    <div
                      class="label"
                    >
                      Back
                    </div>
                  </a>
                  <a>
                    <i
                      class="material-icons"
                    >
                      add
                    </i>
                    <div
                      class="label"
                    >
                      Add
                    </div>
                  </a>
                </div>
                <a
                  class="help"
                >
                  <i
                    class="material-icons"
                  >
                    help_outline
                  </i>
                </a>
              </div>
            </div>
          </div>
        </div>
      </menu>
    </div>
  </header>
  <main
    class="ni-page-main"
  >
    <section
      class="ni-part"
    >
      <div
        class="ni-part-container"
      >
        <header
          class="ni-part-header"
        >
          <div
            class="ni-part-header-container"
          >
            <div
              class="ni-part-title h5"
            >
              Validator - Details
            </div>
            <menu
              class="ni-part-menu"
            />
          </div>
        </header>
        <main
          class="ni-part-main"
        >
          <div
            class="ni-li"
          >
            <div
              class="ni-li-container"
            >
              <div
                class="ni-li-thumb"
              >
                <!---->
              </div>
              <div
                class="ni-li-dl"
              >
                <div
                  class="ni-li-dt"
                >
                  Public Key
                </div>
                <div
                  class="ni-li-dd"
                >
                  pubkeyX
                </div>
              </div>
            </div>
          </div>
          <div
            class="ni-li"
            id="delegate-country"
          >
            <div
              class="ni-li-container"
            >
              <div
                class="ni-li-thumb"
              >
                <!---->
              </div>
              <div
                class="ni-li-dl"
              >
                <div
                  class="ni-li-dt"
                >
                  Country
                </div>
                <div
                  class="ni-li-dd"
                >
                  United States
                </div>
              </div>
            </div>
          </div>
          <div
            class="ni-li"
          >
            <div
              class="ni-li-container"
            >
              <div
                class="ni-li-thumb"
              >
                <!---->
              </div>
              <div
                class="ni-li-dl"
              >
                <div
                  class="ni-li-dt"
                >
                  Start Date
                </div>
                <div
                  class="ni-li-dd"
                >
                  n/a
                </div>
              </div>
            </div>
          </div>
        </main>
      </div>
    </section>
    <!---->
    <section
      class="ni-part"
    >
      <div
        class="ni-part-container"
      >
        <header
          class="ni-part-header"
        >
          <div
            class="ni-part-header-container"
          >
            <div
              class="ni-part-title h5"
            >
              Validator - Stake
            </div>
            <menu
              class="ni-part-menu"
            />
          </div>
        </header>
        <main
          class="ni-part-main"
        >
          <div
            class="ni-li"
          >
            <div
              class="ni-li-container"
            >
              <div
                class="ni-li-thumb"
              >
                <!---->
              </div>
              <div
                class="ni-li-dl"
              >
                <div
                  class="ni-li-dt"
                >
                  Voting Power
                </div>
                <div
                  class="ni-li-dd"
                >
                  10000 ATOM
                </div>
              </div>
            </div>
          </div>
          <div
            class="ni-li"
          >
            <div
              class="ni-li-container"
            >
              <div
                class="ni-li-thumb"
              >
                <!---->
              </div>
              <div
                class="ni-li-dl"
              >
                <div
                  class="ni-li-dt"
                >
                  Bonded Atoms
                </div>
                <div
                  class="ni-li-dd"
                >
                  5000 ATOM
                </div>
              </div>
            </div>
          </div>
          <div
            class="ni-li"
          >
            <div
              class="ni-li-container"
            >
              <div
                class="ni-li-thumb"
              >
                <!---->
              </div>
              <div
                class="ni-li-dl"
              >
                <div
                  class="ni-li-dt"
                >
                  Commission
                </div>
                <div
                  class="ni-li-dd"
                >
                  NaN%
                </div>
              </div>
            </div>
          </div>
          <div
            class="ni-li"
          >
            <div
              class="ni-li-container"
            >
              <div
                class="ni-li-thumb"
              >
                <!---->
              </div>
              <div
                class="ni-li-dl"
              >
                <div
                  class="ni-li-dt"
                >
                  Max Commission
                </div>
                <div
                  class="ni-li-dd"
                >
                  NaN%
                </div>
              </div>
            </div>
          </div>
          <div
            class="ni-li"
          >
            <div
              class="ni-li-container"
            >
              <div
                class="ni-li-thumb"
              >
                <!---->
              </div>
              <div
                class="ni-li-dl"
              >
                <div
                  class="ni-li-dt"
                >
                  Max Commission Increase
                </div>
                <div
                  class="ni-li-dd"
                >
                  NaN%
                </div>
              </div>
            </div>
          </div>
        </main>
      </div>
    </section>
    <section
      class="ni-part"
    >
      <div
        class="ni-part-container"
      >
        <header
          class="ni-part-header"
        >
          <div
            class="ni-part-header-container"
          >
            <div
              class="ni-part-title h5"
            >
              Validator - History
            </div>
            <menu
              class="ni-part-menu"
            />
          </div>
        </header>
        <main
          class="ni-part-main"
        >
          <a
            class="ni-li ni-li-link"
            href="#/delegates/pubkeyX/votes"
          >
            <div
              class="ni-li-container"
            >
              <div
                class="ni-li-thumb"
              >
                <!---->
              </div>
              <div
                class="ni-li-dl"
              >
                <div
                  class="ni-li-dt"
                >
                  Vote History
                </div>
                <div
                  class="ni-li-dd"
                >
                  37 Votes
                </div>
              </div>
              <div
                class="ni-li-icon"
              >
                <i
                  class="material-icons inactive"
                >
                  chevron_right
                </i>
                <i
                  class="material-icons active"
                >
                  my_location
                </i>
              </div>
            </div>
          </a>
          <a
            class="ni-li ni-li-link"
            href="#/delegates/pubkeyX/proposals"
          >
            <div
              class="ni-li-container"
            >
              <div
                class="ni-li-thumb"
              >
                <!---->
              </div>
              <div
                class="ni-li-dl"
              >
                <div
                  class="ni-li-dt"
                >
                  Proposals
                </div>
                <div
                  class="ni-li-dd"
                >
                  13
                </div>
              </div>
              <div
                class="ni-li-icon"
              >
                <i
                  class="material-icons inactive"
                >
                  chevron_right
                </i>
                <i
                  class="material-icons active"
                >
                  my_location
                </i>
              </div>
            </div>
          </a>
          <a
            class="ni-li ni-li-link"
            href="#/delegates/pubkeyX/slashes"
          >
            <div
              class="ni-li-container"
            >
              <div
                class="ni-li-thumb"
              >
                <!---->
              </div>
              <div
                class="ni-li-dl"
              >
                <div
                  class="ni-li-dt"
                >
                  Slashes
                </div>
                <div
                  class="ni-li-dd"
                >
                  6
                </div>
              </div>
              <div
                class="ni-li-icon"
              >
                <i
                  class="material-icons inactive"
                >
                  chevron_right
                </i>
                <i
                  class="material-icons active"
                >
                  my_location
                </i>
              </div>
            </div>
          </a>
          <div
            class="ni-li"
          >
            <div
              class="ni-li-container"
            >
              <div
                class="ni-li-thumb"
              >
                <!---->
              </div>
              <div
                class="ni-li-dl"
              >
                <div
                  class="ni-li-dt"
                >
                  Earn Rate
                </div>
                <div
                  class="ni-li-dd"
                >
                  8.1K ATOM / day
                </div>
              </div>
            </div>
          </div>
          <div
            class="ni-li"
          >
            <div
              class="ni-li-container"
            >
              <div
                class="ni-li-thumb"
              >
                <!---->
              </div>
              <div
                class="ni-li-dl"
              >
                <div
                  class="ni-li-dt"
                >
                  Total Earnings
                </div>
                <div
                  class="ni-li-dd"
                >
                  301.8K ATOM
                </div>
              </div>
            </div>
          </div>
        </main>
      </div>
    </section>
  </main>
</div>
`;
