// Jest Snapshot v1, https://goo.gl/fbAQLP

exports[`TableValidators shows a validator table 1`] = `
<div>
  <table
    class="data-table"
  >
    <thead>
      <panelsort-stub
        properties="[object Object],[object Object],[object Object],[object Object],[object Object],[object Object],[object Object]"
        sort="[object Object]"
      />
    </thead>
     
    <tbody>
      <livalidator-stub
        validator="[object Object]"
      />
      <livalidator-stub
        validator="[object Object]"
      />
      <livalidator-stub
        validator="[object Object]"
      />
    </tbody>
  </table>
</div>
`;
