// Jest Snapshot v1, https://goo.gl/fbAQLP

exports[`TabParameters has the expected html structure 1`] = `
"<div>
   <div>
      <h3>
         Staking Parameters<i class=\\"material-icons info-button\\">info_outline</i>
      </h3>
      <div class=\\"parameters__details parameters__section\\">
         <div class=\\"row\\">
            <div class=\\"column\\">
               <dl class=\\"info_dl\\">
                  <dt>
                     Inflation Rate Change<i class=\\"material-icons info-button\\">info_outline</i>
                  </dt>
                  <dd>
                     n/a
                  </dd>
</dl>
               <dl class=\\"info_dl\\">
                  <dt>
                     Minimum Inflation Rate
                  </dt>
                  <dd>
                     n/a
                  </dd>
</dl>
               <dl class=\\"info_dl\\">
                  <dt>
                     Maximum Inflation Rate
                  </dt>
                  <dd>
                     n/a
                  </dd>
</dl>
               <dl class=\\"info_dl\\">
                  <dt>
                     Goal for bonded Steaks
                  </dt>
                  <dd>
                     n/a
                  </dd>
</dl>
</div>
<div class=\\"column\\">
   <dl class=\\"info_dl\\">
      <dt>
         Unbonding time<i class=\\"material-icons info-button\\">info_outline</i>
      </dt>
      <dd>
         n/a
      </dd>
</dl>
   <dl class=\\"info_dl\\">
      <dt>
         Max number of Validators
      </dt>
      <dd>
         n/a
      </dd>
</dl>
   <dl class=\\"info_dl\\">
      <dt>
         Bondable coin denomination
      </dt>
      <dd>
         n/a
      </dd>
</dl>
</div>
</div>
</div>
</div>
<div>
   <h3>
      Staking Pool<i class=\\"material-icons info-button\\">info_outline</i>
   </h3>
   <div class=\\"parameters__details parameters__section\\">
      <div class=\\"row\\">
         <div class=\\"column\\">
            <dl class=\\"info_dl\\">
               <dt>
                  Inflation<i class=\\"material-icons info-button\\">info_outline</i>
               </dt>
               <dd>
                  n/a
               </dd>
</dl>
            <dl class=\\"info_dl\\">
               <dt>
                  Inflation last block<i class=\\"material-icons info-button\\">info_outline</i>
               </dt>
               <dd>
                  n/a
               </dd>
</dl>
            <dl class=\\"info_dl\\">
               <dt>
                  Date of last commission reset<i class=\\"material-icons info-button\\">info_outline</i>
               </dt>
               <dd>
                  n/a
               </dd>
</dl>
</div>
<div class=\\"column\\">
   <dl class=\\"info_dl\\">
      <dt>
         Loose Steak<i class=\\"material-icons info-button\\">info_outline</i>
      </dt>
      <dd>
         n/a
      </dd>
</dl>
   <dl class=\\"info_dl\\">
      <dt>
         Bonded Steak<i class=\\"material-icons info-button\\">info_outline</i>
      </dt>
      <dd>
         n/a
      </dd>
</dl>
   <dl class=\\"info_dl\\">
      <dt>
         Previous bonded shares<i class=\\"material-icons info-button\\">info_outline</i>
      </dt>
      <dd>
         n/a
      </dd>
</dl>
</div>
</div>
</div>
</div>
</div>"
`;
