// Jest Snapshot v1, https://goo.gl/fbAQLP

exports[`AppTheme has the expected html structure 1`] = `"<div id=\\"app-theme\\"></div>"`;
