// Jest Snapshot v1, https://goo.gl/fbAQLP

exports[`DisconnectedBar shows the disconnected bar 1`] = `
<div
  class="disconnected-bar"
>
  <i />
   
  <p>
    
    You are currently not connected to a node.
    
    <a
      class="link"
    >
      Retry
    </a>
    ?
  
  </p>
   
  <a
    class="close"
  >
    <i
      class="material-icons"
    >
      refresh
    </i>
  </a>
</div>
`;
