// Jest Snapshot v1, https://goo.gl/fbAQLP

exports[`Menu should show a the menus for mobile and desktop 1`] = `
<div>
  <desktopmenu-stub
    id="desktop-menu"
    links="[object Object],[object Object],[object Object],[object Object]"
  />
   
  <mobilemenu-stub
    id="mobile-footer-menu"
    links="[object Object],[object Object],[object Object],[object Object]"
  />
</div>
`;
