// Jest Snapshot v1, https://goo.gl/fbAQLP

exports[`NiSessionLoading has the expected html structure 1`] = `
"<div class=\\"ni-session\\">
   <div class=\\"ni-session-container\\">
      <div class=\\"ni-session-header\\">
         <div class=\\"ni-session-title\\">
            Voyager is loadingâ€¦
         </div>
</div>
<div class=\\"ni-session-main ni-session-main--loading\\">
   <img src=\\"~assets/images/loader.svg\\">
</div>
</div>
</div>"
`;
