// Jest Snapshot v1, https://goo.gl/fbAQLP

exports[`TransactionList has the expected html structure 1`] = `
<div>
  <transactionitem-stub
    address="cosmos1"
    transaction="[object Object]"
    validators="[object Object]"
  />
</div>
`;
