// Jest Snapshot v1, https://goo.gl/fbAQLP

exports[`NiSessionImport has the expected html structure 1`] = `
"<div class=\\"ni-session\\">
   <form class=\\"ni-session-container ni-form\\">
      <div class=\\"ni-form-container\\">
         <!---->
         <main class=\\"ni-form-main\\">
            <div class=\\"ni-session-header\\">
               <a><i class=\\"material-icons\\">arrow_back</i></a>
               <div class=\\"ni-session-title\\">
                  Import Account
               </div>
      <a><i class=\\"material-icons\\">help_outline</i></a>
   </div>
      <div class=\\"ni-session-main\\">
         <div class=\\"label-container ni-form-group\\">
            <span class=\\"ni-form-group__sub-label\\"></span><label for=\\"import-name\\" class=\\"ni-form-group__label\\">Account Name</label>
            <div class=\\"ni-form-group__field\\">
               <input type=\\"text\\" placeholder=\\"at least 5 characters\\" class=\\"ni-field\\" id=\\"import-name\\">
               <div class=\\"ni-form-msg sm ni-form-msg--error\\">
                  Name is required
               </div>
                  <!---->
   </div>
</div>
      <div class=\\"label-container ni-form-group\\">
         <span class=\\"ni-form-group__sub-label\\"></span><label for=\\"import-seed\\" class=\\"ni-form-group__label\\">Seed</label>
         <div class=\\"ni-form-group__field\\">
            <textarea class=\\"ni-field-seed ni-field\\" id=\\"import-seed\\" placeholder=\\"must be exactly 12 words\\"></textarea>
            <div class=\\"ni-form-msg sm ni-form-msg--error\\">
               Seed is required
            </div>
</div>
</div>
      <div class=\\"label-container ni-form-group\\">
         <span class=\\"ni-form-group__sub-label\\"></span><label for=\\"import-password\\" class=\\"ni-form-group__label\\">Password</label>
         <div class=\\"ni-form-group__field\\">
            <input type=\\"password\\" placeholder=\\"at least 10 characters\\" class=\\"ni-field\\" id=\\"import-password\\">
            <div class=\\"ni-form-msg sm ni-form-msg--desc\\">
               Create a password to secure your imported account
            </div>
      <div class=\\"ni-form-msg sm ni-form-msg--error\\">
         Password is required
      </div>
         <!---->
   </div>
</div>
</div>
      <div class=\\"ni-session-footer\\">
         <button class=\\"ni-btn\\"><span class=\\"ni-btn-container ni-btn-icon-right ni-btn-size-lg\\"><i aria-hidden=\\"true\\" class=\\"ni-btn-icon material-icons\\">arrow_forward</i><span class=\\"ni-btn-value\\">Next</span></span></button>
      </div>
</main>
      <!---->
</div>
</form>
</div>"
`;
