// Jest Snapshot v1, https://goo.gl/fbAQLP

exports[`NISessionSignIn has the expected html structure 1`] = `"<div class=\\"ni-session\\"><form class=\\"ni-session-container ni-form\\"><div class=\\"ni-form-container\\"> <!----> <main class=\\"ni-form-main\\"><div class=\\"ni-session-header\\"><a><i class=\\"material-icons\\">arrow_back</i></a><div class=\\"ni-session-title\\">Enter Seed</div><a><i class=\\"material-icons\\">help_outline</i></a></div><div class=\\"ni-session-main\\"><div class=\\"ni-form-group\\"><label for=\\"sign-in-seed\\">Account Seed</label><div class=\\"ni-form-group-field\\"><textarea placeholder=\\"Enter your 12-word seed here\\" class=\\"ni-field\\" id=\\"sign-in-seed\\"></textarea><div class=\\"ni-form-msg ni-form-msg-error\\">Account Seed is required</div></div></div></div><div class=\\"ni-session-footer\\"><button class=\\"ni-btn\\"><span class=\\"ni-btn-container ni-btn-size-lg\\"><i aria-hidden=\\"true\\" class=\\"ni-btn-icon material-icons\\">exit_to_app</i><span class=\\"ni-btn-value\\">Sign In</span></span></button></div></main> <!----></div></form></div>"`;
